// Jest Snapshot v1, https://goo.gl/fbAQLP

exports[`Should render 1`] = `
MockDocumentFragment {
  "childNodes": Array [
    MockElement {
      "childNodes": Array [
        MockElement {
          "childNodes": Array [
            MockTextNode {
              "childNodes": Array [],
              "nodeName": "#text",
              "nodeType": 3,
              "nodeValue": "Hello, World! I'm Hello World",
              "ownerDocument": MockDocument {
                "childNodes": Array [
                  MockDocumentTypeNode {
                    "childNodes": Array [],
                    "namespaceURI": null,
                    "nodeName": "!DOCTYPE",
                    "nodeType": 10,
                    "nodeValue": null,
                    "ownerDocument": [Circular],
                    "parentNode": [Circular],
                  },
                  MockElement {
                    "childNodes": Array [
                      MockElement {
                        "childNodes": Array [
                          MockElement {
                            "childNodes": Array [
                              MockTextNode {
                                "childNodes": Array [],
                                "nodeName": "#text",
                                "nodeType": 3,
                                "nodeValue": "my-component{visibility:hidden}.hydrated{visibility:inherit}",
                                "ownerDocument": [Circular],
                                "parentNode": [Circular],
                              },
                            ],
                            "namespaceURI": null,
                            "nodeName": "STYLE",
                            "nodeType": 1,
                            "nodeValue": null,
                            "ownerDocument": [Circular],
                            "parentNode": [Circular],
                          },
                        ],
                        "namespaceURI": null,
                        "nodeName": "HEAD",
                        "nodeType": 1,
                        "nodeValue": null,
                        "ownerDocument": [Circular],
                        "parentNode": [Circular],
                      },
                      MockElement {
                        "childNodes": Array [
                          ,
                        ],
                        "namespaceURI": null,
                        "nodeName": "BODY",
                        "nodeType": 1,
                        "nodeValue": null,
                        "ownerDocument": [Circular],
                        "parentNode": [Circular],
                      },
                    ],
                    "namespaceURI": null,
                    "nodeName": "HTML",
                    "nodeType": 1,
                    "nodeValue": null,
                    "ownerDocument": [Circular],
                    "parentNode": [Circular],
                  },
                ],
                "cookie": "",
                "defaultView": [MockWindow],
                "nodeName": "#document",
                "nodeType": 9,
                "nodeValue": null,
                "ownerDocument": null,
                "parentNode": null,
                "referrer": "",
              },
              "parentNode": [Circular],
              "s-hn": "my-component",
            },
          ],
          "namespaceURI": null,
          "nodeName": "SPAN",
          "nodeType": 1,
          "nodeValue": null,
          "ownerDocument": MockDocument {
            "childNodes": Array [
              MockDocumentTypeNode {
                "childNodes": Array [],
                "namespaceURI": null,
                "nodeName": "!DOCTYPE",
                "nodeType": 10,
                "nodeValue": null,
                "ownerDocument": [Circular],
                "parentNode": [Circular],
              },
              MockElement {
                "childNodes": Array [
                  MockElement {
                    "childNodes": Array [
                      MockElement {
                        "childNodes": Array [
                          MockTextNode {
                            "childNodes": Array [],
                            "nodeName": "#text",
                            "nodeType": 3,
                            "nodeValue": "my-component{visibility:hidden}.hydrated{visibility:inherit}",
                            "ownerDocument": [Circular],
                            "parentNode": [Circular],
                          },
                        ],
                        "namespaceURI": null,
                        "nodeName": "STYLE",
                        "nodeType": 1,
                        "nodeValue": null,
                        "ownerDocument": [Circular],
                        "parentNode": [Circular],
                      },
                    ],
                    "namespaceURI": null,
                    "nodeName": "HEAD",
                    "nodeType": 1,
                    "nodeValue": null,
                    "ownerDocument": [Circular],
                    "parentNode": [Circular],
                  },
                  MockElement {
                    "childNodes": Array [
                      ,
                    ],
                    "namespaceURI": null,
                    "nodeName": "BODY",
                    "nodeType": 1,
                    "nodeValue": null,
                    "ownerDocument": [Circular],
                    "parentNode": [Circular],
                  },
                ],
                "namespaceURI": null,
                "nodeName": "HTML",
                "nodeType": 1,
                "nodeValue": null,
                "ownerDocument": [Circular],
                "parentNode": [Circular],
              },
            ],
            "cookie": "",
            "defaultView": [MockWindow],
            "nodeName": "#document",
            "nodeType": 9,
            "nodeValue": null,
            "ownerDocument": null,
            "parentNode": null,
            "referrer": "",
          },
          "parentNode": [Circular],
          "s-hn": "my-component",
        },
        MockButtonElement {
          "__listeners": Array [
            MockEventListener {
              "handler": [Function],
              "type": "click",
            },
          ],
          "childNodes": Array [
            MockTextNode {
              "childNodes": Array [],
              "nodeName": "#text",
              "nodeType": 3,
              "nodeValue": "Click Me!",
              "ownerDocument": MockDocument {
                "childNodes": Array [
                  MockDocumentTypeNode {
                    "childNodes": Array [],
                    "namespaceURI": null,
                    "nodeName": "!DOCTYPE",
                    "nodeType": 10,
                    "nodeValue": null,
                    "ownerDocument": [Circular],
                    "parentNode": [Circular],
                  },
                  MockElement {
                    "childNodes": Array [
                      MockElement {
                        "childNodes": Array [
                          MockElement {
                            "childNodes": Array [
                              MockTextNode {
                                "childNodes": Array [],
                                "nodeName": "#text",
                                "nodeType": 3,
                                "nodeValue": "my-component{visibility:hidden}.hydrated{visibility:inherit}",
                                "ownerDocument": [Circular],
                                "parentNode": [Circular],
                              },
                            ],
                            "namespaceURI": null,
                            "nodeName": "STYLE",
                            "nodeType": 1,
                            "nodeValue": null,
                            "ownerDocument": [Circular],
                            "parentNode": [Circular],
                          },
                        ],
                        "namespaceURI": null,
                        "nodeName": "HEAD",
                        "nodeType": 1,
                        "nodeValue": null,
                        "ownerDocument": [Circular],
                        "parentNode": [Circular],
                      },
                      MockElement {
                        "childNodes": Array [
                          ,
                        ],
                        "namespaceURI": null,
                        "nodeName": "BODY",
                        "nodeType": 1,
                        "nodeValue": null,
                        "ownerDocument": [Circular],
                        "parentNode": [Circular],
                      },
                    ],
                    "namespaceURI": null,
                    "nodeName": "HTML",
                    "nodeType": 1,
                    "nodeValue": null,
                    "ownerDocument": [Circular],
                    "parentNode": [Circular],
                  },
                ],
                "cookie": "",
                "defaultView": [MockWindow],
                "nodeName": "#document",
                "nodeType": 9,
                "nodeValue": null,
                "ownerDocument": null,
                "parentNode": null,
                "referrer": "",
              },
              "parentNode": [Circular],
              "s-hn": "my-component",
            },
          ],
          "namespaceURI": null,
          "nodeName": "BUTTON",
          "nodeType": 1,
          "nodeValue": null,
          "ownerDocument": MockDocument {
            "childNodes": Array [
              MockDocumentTypeNode {
                "childNodes": Array [],
                "namespaceURI": null,
                "nodeName": "!DOCTYPE",
                "nodeType": 10,
                "nodeValue": null,
                "ownerDocument": [Circular],
                "parentNode": [Circular],
              },
              MockElement {
                "childNodes": Array [
                  MockElement {
                    "childNodes": Array [
                      MockElement {
                        "childNodes": Array [
                          MockTextNode {
                            "childNodes": Array [],
                            "nodeName": "#text",
                            "nodeType": 3,
                            "nodeValue": "my-component{visibility:hidden}.hydrated{visibility:inherit}",
                            "ownerDocument": [Circular],
                            "parentNode": [Circular],
                          },
                        ],
                        "namespaceURI": null,
                        "nodeName": "STYLE",
                        "nodeType": 1,
                        "nodeValue": null,
                        "ownerDocument": [Circular],
                        "parentNode": [Circular],
                      },
                    ],
                    "namespaceURI": null,
                    "nodeName": "HEAD",
                    "nodeType": 1,
                    "nodeValue": null,
                    "ownerDocument": [Circular],
                    "parentNode": [Circular],
                  },
                  MockElement {
                    "childNodes": Array [
                      ,
                    ],
                    "namespaceURI": null,
                    "nodeName": "BODY",
                    "nodeType": 1,
                    "nodeValue": null,
                    "ownerDocument": [Circular],
                    "parentNode": [Circular],
                  },
                ],
                "namespaceURI": null,
                "nodeName": "HTML",
                "nodeType": 1,
                "nodeValue": null,
                "ownerDocument": [Circular],
                "parentNode": [Circular],
              },
            ],
            "cookie": "",
            "defaultView": [MockWindow],
            "nodeName": "#document",
            "nodeType": 9,
            "nodeValue": null,
            "ownerDocument": null,
            "parentNode": null,
            "referrer": "",
          },
          "parentNode": [Circular],
          "s-hn": "my-component",
        },
      ],
      "namespaceURI": null,
      "nodeName": "DIV",
      "nodeType": 1,
      "nodeValue": null,
      "ownerDocument": MockDocument {
        "childNodes": Array [
          MockDocumentTypeNode {
            "childNodes": Array [],
            "namespaceURI": null,
            "nodeName": "!DOCTYPE",
            "nodeType": 10,
            "nodeValue": null,
            "ownerDocument": [Circular],
            "parentNode": [Circular],
          },
          MockElement {
            "childNodes": Array [
              MockElement {
                "childNodes": Array [
                  MockElement {
                    "childNodes": Array [
                      MockTextNode {
                        "childNodes": Array [],
                        "nodeName": "#text",
                        "nodeType": 3,
                        "nodeValue": "my-component{visibility:hidden}.hydrated{visibility:inherit}",
                        "ownerDocument": [Circular],
                        "parentNode": [Circular],
                      },
                    ],
                    "namespaceURI": null,
                    "nodeName": "STYLE",
                    "nodeType": 1,
                    "nodeValue": null,
                    "ownerDocument": [Circular],
                    "parentNode": [Circular],
                  },
                ],
                "namespaceURI": null,
                "nodeName": "HEAD",
                "nodeType": 1,
                "nodeValue": null,
                "ownerDocument": [Circular],
                "parentNode": [Circular],
              },
              MockElement {
                "childNodes": Array [
                  ,
                ],
                "namespaceURI": null,
                "nodeName": "BODY",
                "nodeType": 1,
                "nodeValue": null,
                "ownerDocument": [Circular],
                "parentNode": [Circular],
              },
            ],
            "namespaceURI": null,
            "nodeName": "HTML",
            "nodeType": 1,
            "nodeValue": null,
            "ownerDocument": [Circular],
            "parentNode": [Circular],
          },
        ],
        "cookie": "",
        "defaultView": [MockWindow],
        "nodeName": "#document",
        "nodeType": 9,
        "nodeValue": null,
        "ownerDocument": null,
        "parentNode": null,
        "referrer": "",
      },
      "parentNode": [Circular],
      "s-hn": "my-component",
    },
  ],
  "host": ,
  "namespaceURI": null,
  "nodeName": "#document-fragment",
  "nodeType": 11,
  "nodeValue": null,
  "ownerDocument": MockDocument {
    "childNodes": Array [
      MockDocumentTypeNode {
        "childNodes": Array [],
        "namespaceURI": null,
        "nodeName": "!DOCTYPE",
        "nodeType": 10,
        "nodeValue": null,
        "ownerDocument": [Circular],
        "parentNode": [Circular],
      },
      MockElement {
        "childNodes": Array [
          MockElement {
            "childNodes": Array [
              MockElement {
                "childNodes": Array [
                  MockTextNode {
                    "childNodes": Array [],
                    "nodeName": "#text",
                    "nodeType": 3,
                    "nodeValue": "my-component{visibility:hidden}.hydrated{visibility:inherit}",
                    "ownerDocument": [Circular],
                    "parentNode": [Circular],
                  },
                ],
                "namespaceURI": null,
                "nodeName": "STYLE",
                "nodeType": 1,
                "nodeValue": null,
                "ownerDocument": [Circular],
                "parentNode": [Circular],
              },
            ],
            "namespaceURI": null,
            "nodeName": "HEAD",
            "nodeType": 1,
            "nodeValue": null,
            "ownerDocument": [Circular],
            "parentNode": [Circular],
          },
          MockElement {
            "childNodes": Array [
              ,
            ],
            "namespaceURI": null,
            "nodeName": "BODY",
            "nodeType": 1,
            "nodeValue": null,
            "ownerDocument": [Circular],
            "parentNode": [Circular],
          },
        ],
        "namespaceURI": null,
        "nodeName": "HTML",
        "nodeType": 1,
        "nodeValue": null,
        "ownerDocument": [Circular],
        "parentNode": [Circular],
      },
    ],
    "cookie": "",
    "defaultView": [MockWindow],
    "nodeName": "#document",
    "nodeType": 9,
    "nodeValue": null,
    "ownerDocument": null,
    "parentNode": null,
    "referrer": "",
  },
  "parentNode": null,
}
`;
